// Jest Snapshot v1, https://goo.gl/fbAQLP

exports[`ComponentLibrary — token value baseline (text-based visual snapshot) resolved hex values per theme match the committed snapshot 1`] = `
Object {
  "theme-amber": Object {
    "accent": "#f59e0b",
    "accent-2": "#fb923c",
    "accent-3": "#fbbf24",
    "bg": "#0a0806",
    "border": "#2a2218",
    "danger": "#ef4444",
    "on-accent": "#000000",
    "success": "#84cc16",
    "surface": "#14100b",
    "surface-2": "#1c1610",
    "text-dim": "#8a7a60",
    "text-main": "#f5e6c8",
    "text-muted": "#5a4e3a",
    "warning": "#f97316",
  },
  "theme-midnight": Object {
    "accent": "#3b82f6",
    "accent-2": "#a78bfa",
    "accent-3": "#22d3ee",
    "bg": "#0c0c0e",
    "border": "#232326",
    "danger": "#ef4444",
    "on-accent": "#ffffff",
    "success": "#22c55e",
    "surface": "#141417",
    "surface-2": "#1a1a1d",
    "text-dim": "#8a8a8e",
    "text-main": "#e1e1e6",
    "text-muted": "#5a5a5e",
    "warning": "#f59e0b",
  },
  "theme-mint": Object {
    "accent": "#10b981",
    "accent-2": "#2dd4bf",
    "accent-3": "#a3e635",
    "bg": "#050e0a",
    "border": "#162a22",
    "danger": "#f87171",
    "on-accent": "#000000",
    "success": "#34d399",
    "surface": "#091410",
    "surface-2": "#0f1e18",
    "text-dim": "#6b8f7e",
    "text-main": "#d1fae5",
    "text-muted": "#3d5c4e",
    "warning": "#fbbf24",
  },
  "theme-paper": Object {
    "accent": "#1d4ed8",
    "accent-2": "#6366f1",
    "accent-3": "#0ea5e9",
    "bg": "#f8f9fa",
    "border": "#dee2e6",
    "danger": "#dc2626",
    "on-accent": "#ffffff",
    "success": "#16a34a",
    "surface": "#ffffff",
    "surface-2": "#f1f3f5",
    "text-dim": "#6b7280",
    "text-main": "#1a1a2e",
    "text-muted": "#9ca3af",
    "warning": "#d97706",
  },
  "theme-violet": Object {
    "accent": "#8b5cf6",
    "accent-2": "#d946ef",
    "accent-3": "#60a5fa",
    "bg": "#0a0810",
    "border": "#2a2438",
    "danger": "#f87171",
    "on-accent": "#000000",
    "success": "#34d399",
    "surface": "#120f1a",
    "surface-2": "#1a1625",
    "text-dim": "#8a7a9e",
    "text-main": "#e8e4f0",
    "text-muted": "#5a4e6e",
    "warning": "#fbbf24",
  },
}
`;
