// Jest Snapshot v1, https://goo.gl/fbAQLP

exports[`ComponentLibrary — token value baseline (text-based visual snapshot) resolved hex values per theme match the committed snapshot 1`] = `
Object {
  "theme-amber": Object {
    "accent": "#ffa41f",
    "accent-2": "#fb923c",
    "accent-3": "#fbbf24",
    "bg": "#121110",
    "border": "#322f2a",
    "danger": "#f5555f",
    "info": "#4cc3f0",
    "on-accent": "#000000",
    "success": "#79c94b",
    "surface": "#191817",
    "surface-2": "#201f1d",
    "text-dim": "#aba49c",
    "text-main": "#f0eeec",
    "text-muted": "#8a837a",
    "warning": "#ff8a3d",
  },
  "theme-midnight": Object {
    "accent": "#3b9eff",
    "accent-2": "#a78bfa",
    "accent-3": "#22d3ee",
    "bg": "#101113",
    "border": "#2a2d33",
    "danger": "#f5555f",
    "info": "#4cc3f0",
    "on-accent": "#000000",
    "success": "#3dd68c",
    "surface": "#17181b",
    "surface-2": "#1d1f23",
    "text-dim": "#a8adb6",
    "text-main": "#eceef1",
    "text-muted": "#80868f",
    "warning": "#f5a524",
  },
  "theme-mint": Object {
    "accent": "#2fd88f",
    "accent-2": "#2dd4bf",
    "accent-3": "#a3e635",
    "bg": "#101211",
    "border": "#2b2f2b",
    "danger": "#f5555f",
    "info": "#4cc3f0",
    "on-accent": "#000000",
    "success": "#4ade80",
    "surface": "#171917",
    "surface-2": "#1d201d",
    "text-dim": "#a7b1ab",
    "text-main": "#eaeeec",
    "text-muted": "#82897e",
    "warning": "#f5a524",
  },
  "theme-paper": Object {
    "accent": "#1a5fd6",
    "accent-2": "#6366f1",
    "accent-3": "#0ea5e9",
    "bg": "#f7f8f9",
    "border": "#d7dbe0",
    "danger": "#c72a35",
    "info": "#0369a1",
    "on-accent": "#ffffff",
    "success": "#16803c",
    "surface": "#ffffff",
    "surface-2": "#eef0f2",
    "text-dim": "#4b5157",
    "text-main": "#1a1d21",
    "text-muted": "#6b7178",
    "warning": "#b25e09",
  },
  "theme-violet": Object {
    "accent": "#a382f7",
    "accent-2": "#d946ef",
    "accent-3": "#60a5fa",
    "bg": "#121116",
    "border": "#302e38",
    "danger": "#f5555f",
    "info": "#4cc3f0",
    "on-accent": "#000000",
    "success": "#3dd68c",
    "surface": "#19181e",
    "surface-2": "#201f26",
    "text-dim": "#aba6b8",
    "text-main": "#ece9f2",
    "text-muted": "#857f92",
    "warning": "#f5a524",
  },
}
`;
