  ÔÇó electron-builder  version=26.0.12 os=10.0.26100
  ÔÇó loaded configuration  file=package.json ("build" field)
  ÔÇó description is missed in the package.json  appPackageFile=C:\Users\Utilisateur1\GeminiAgentProject\MonIDEAgentIA\package.json
  Ô¿» Invalid configuration object. electron-builder 26.0.12 has been initialized using a configuration object that does not match the API schema.
 - configuration has an unknown property 'buildResources'. These properties are valid:
   object { afterAllArtifactBuild?, afterExtract?, afterPack?, afterSign?, apk?, appId?, appImage?, appx?, appxManifestCreated?, artifactBuildCompleted?, artifactBuildStarted?, artifactName?, asar?, asarUnpack?, beforeBuild?, beforePack?, buildDependenciesFromSource?, buildNumber?, buildVersion?, compression?, copyright?, cscKeyPassword?, cscLink?, deb?, defaultArch?, detectUpdateChannel?, directories?, disableDefaultIgnoredFiles?, disableSanityCheckAsar?, dmg?, downloadAlternateFFmpeg?, electronBranding?, electronCompile?, electronDist?, electronDownload?, electronFuses?, electronLanguages?, electronUpdaterCompatibility?, electronVersion?, executableName?, extends?, extraFiles?, extraMetadata?, extraResources?, fileAssociations?, files?, flatpak?, forceCodeSigning?, framework?, freebsd?, generateUpdatesFilesForAllChannels?, icon?, includePdb?, launchUiVersion?, linux?, mac?, mas?, masDev?, msi?, msiProjectCreated?, msiWrapped?, nativeRebuilder?, nodeGypRebuild?, nodeVersion?, npmArgs?, npmRebuild?, nsis?, nsisWeb?, onNodeModuleFile?, p5p?, pacman?, pkg?, portable?, productName?, protocols?, publish?, releaseInfo?, removePackageKeywords?, removePackageScripts?, rpm?, snap?, squirrelWindows?, target?, win?, $schema? }
     How to fix:
     1. Open https://www.electron.build/configuration
     2. Search the option name on the page (or type in into Search to find across the docs).
       * Not found? The option was deprecated or not exists (check spelling).
       * Found? Check that the option in the appropriate place. e.g. "title" only in the "dmg", not in the root.
  failedTask=build stackTrace=ValidationError: Invalid configuration object. electron-builder 26.0.12 has been initialized using a configuration object that does not match the API schema.
 - configuration has an unknown property 'buildResources'. These properties are valid:
   object { afterAllArtifactBuild?, afterExtract?, afterPack?, afterSign?, apk?, appId?, appImage?, appx?, appxManifestCreated?, artifactBuildCompleted?, artifactBuildStarted?, artifactName?, asar?, asarUnpack?, beforeBuild?, beforePack?, buildDependenciesFromSource?, buildNumber?, buildVersion?, compression?, copyright?, cscKeyPassword?, cscLink?, deb?, defaultArch?, detectUpdateChannel?, directories?, disableDefaultIgnoredFiles?, disableSanityCheckAsar?, dmg?, downloadAlternateFFmpeg?, electronBranding?, electronCompile?, electronDist?, electronDownload?, electronFuses?, electronLanguages?, electronUpdaterCompatibility?, electronVersion?, executableName?, extends?, extraFiles?, extraMetadata?, extraResources?, fileAssociations?, files?, flatpak?, forceCodeSigning?, framework?, freebsd?, generateUpdatesFilesForAllChannels?, icon?, includePdb?, launchUiVersion?, linux?, mac?, mas?, masDev?, msi?, msiProjectCreated?, msiWrapped?, nativeRebuilder?, nodeGypRebuild?, nodeVersion?, npmArgs?, npmRebuild?, nsis?, nsisWeb?, onNodeModuleFile?, p5p?, pacman?, pkg?, portable?, productName?, protocols?, publish?, releaseInfo?, removePackageKeywords?, removePackageScripts?, rpm?, snap?, squirrelWindows?, target?, win?, $schema? }
     How to fix:
     1. Open https://www.electron.build/configuration
     2. Search the option name on the page (or type in into Search to find across the docs).
       * Not found? The option was deprecated or not exists (check spelling).
       * Found? Check that the option in the appropriate place. e.g. "title" only in the "dmg", not in the root.
                                                                                                                                                                                                                                                                                                                                                                                                                                                                                                                                                                                                                                                                                                                                                                                                                                                                                                                                                                                                                                                                                                                                                                                                                                                                                                                                                                                                                                                                                                                                                                                                                                                                                                                                                                                                                                                                                                        at validate (C:\Users\Utilisateur1\GeminiAgentProject\MonIDEAgentIA\node_modules\@develar\schema-utils\dist\validate.js:86:11)
    at validateConfiguration (C:\Users\Utilisateur1\GeminiAgentProject\MonIDEAgentIA\node_modules\app-builder-lib\src\util\config\config.ts:239:3)
    at Packager.validateConfig (C:\Users\Utilisateur1\GeminiAgentProject\MonIDEAgentIA\node_modules\app-builder-lib\src\packager.ts:384:5)
    at Packager.build (C:\Users\Utilisateur1\GeminiAgentProject\MonIDEAgentIA\node_modules\app-builder-lib\src\packager.ts:392:5)
    at executeFinally (C:\Users\Utilisateur1\GeminiAgentProject\MonIDEAgentIA\node_modules\builder-util\src\promise.ts:12:14)
